
> jecrc-no-dues-system@0.1.0 build
> next build

  Γû▓ Next.js 14.2.35
  - Environments: .env

   Creating an optimized production build ...
node.exe : Failed to compile.
At line:1 char:1
+ & "C:\Program Files\nodejs/node.exe" 
"C:\Users\DELL\AppData\Roaming\n ...
+ ~~~~~~~~~~~~~~~~~~~~~~~~~~~~~~~~~~~~~~~~~~
~~~~~~~~~~~~~~~~~~~~~~~~~~~
    + CategoryInfo          : NotSpe    
cified: (Failed to compile.:Stri    ng) [], 
RemoteException
    + FullyQualifiedErrorId : Native    
CommandError
 

./src/app/staff/scan/page.js
Module not found: Can't resolve 
'@/hooks/useTheme'

https://nextjs.org/docs/messages/module-not-
found


> Build failed because of webpack errors
