CURRENT STATE OF 22BCOM1367
==================================================

Form ID: c9ceb50a-7b24-4498-a455-db55abe29631
Form Status: in_progress
Certificate Generated: false
Certificate URL: N/A

Departments:
  - school_hod: approved
  - library: approved
  - hostel: approved
  - registrar: approved
  - alumni_association: approved
  - accounts_department: approved
  - it_department: approved

Approved: 7/7

==================================================
TESTING CERTIFICATE GENERATION...
==================================================

ERROR: Cannot find module 'e:\next\no_dues\scripts\src\lib\certificateTrigger.js' imported from e:\next\no_dues\scripts\check-current-state.js
Did you mean to import "../src/lib/certificateTrigger.js"?
Error [ERR_MODULE_NOT_FOUND]: Cannot find module 'e:\next\no_dues\scripts\src\lib\certificateTrigger.js' imported from e:\next\no_dues\scripts\check-current-state.js
Did you mean to import "../src/lib/certificateTrigger.js"?
    at finalizeResolution (node:internal/modules/esm/resolve:274:11)
    at moduleResolve (node:internal/modules/esm/resolve:859:10)
    at defaultResolve (node:internal/modules/esm/resolve:983:11)
    at ModuleLoader.defaultResolve (node:internal/modules/esm/loader:783:12)
    at #cachedDefaultResolve (node:internal/modules/esm/loader:707:25)
    at ModuleLoader.resolve (node:internal/modules/esm/loader:690:38)
    at ModuleLoader.getModuleJobForImport (node:internal/modules/esm/loader:307:38)
    at onImport.tracePromise.__proto__ (node:internal/modules/esm/loader:646:36)
    at TracingChannel.tracePromise (node:diagnostics_channel:344:14)
    at ModuleLoader.import (node:internal/modules/esm/loader:645:21)
