≡ƒÜÇ Starting E2E System Verification...

≡ƒº╣ Cleaning up previous test data...
node : 
At line:1 char:1
+ node prisma/scripts
/test_e2e_flow.js > 
test_output.log 2>&1
+ ~~~~~~~~~~~~~~~~~~~
~~~~~~~~~~~~~~~~~~~~~
~~~~~~~~~~~~~~~~~~~
    + CategoryInfo   
           : NotSpe  
  cified: (:String   
 ) [], RemoteExce    
ption
    + FullyQualified 
   ErrorId : Native  
  CommandError
 
Γ¥î TEST FAILED: Pris
maClientInitializatio
nError: 
Invalid `prisma.noDue
sStatus.deleteMany()`
 invocation in
D:\nextjs\nodues\nodu
es_system\prisma\scri
pts\test_e2e_flow.js:
35:35

  32 try {
  33     // 1. 
Cleanup Previous 
Test Data
  34     
console.log('\n≡ƒº╣ 
Cleaning up previous 
test data...');
ΓåÆ 35     await pris
ma.noDuesStatus.delet
eMany(
error: Environment 
variable not found: 
DATABASE_URL.
  -->  
schema.prisma:10
   | 
 9 |   provider = 
"postgresql"
10 |   url      = 
env("DATABASE_URL")
   | 

Validation Error 
Count: 1
    at $n.handleReque
stError (D:\nextjs\no
dues\nodues_system\no
de_modules\@prisma\cl
ient\runtime\library.
js:121:7615)
    at $n.handleAndLo
gRequestError (D:\nex
tjs\nodues\nodues_sys
tem\node_modules\@pri
sma\client\runtime\li
brary.js:121:6623)
    at $n.request (D:
\nextjs\nodues\nodues
_system\node_modules\
@prisma\client\runtim
e\library.js:121:6307
)
    at async l (D:\ne
xtjs\nodues\nodues_sy
stem\node_modules\@pr
isma\client\runtime\l
ibrary.js:130:9633)
    at async runTest 
(D:\nextjs\nodues\nod
ues_system\prisma\scr
ipts\test_e2e_flow.js
:35:9) {
  clientVersion: 
'5.22.0',
  errorCode: 
undefined
}
